<Section: knob_space>
